
> client@0.0.0 build
> vite build

[36mvite v7.2.7 [32mbuilding client environment for production...[36m[39m
transforming...
[32mΓ£ô[39m 7277 modules transformed.
rendering chunks...
node.exe : [33m[plugin vite:reporter] 
At C:\Program Files\nodejs\npm.ps1:29 char:3
+   & $NODE_EXE $NPM_CLI_JS $args
+   ~~~~~~~~~~~~~~~~~~~~~~~~~~~~~
    + CategoryInfo          : NotSpecified: ([33m[plugin vite:reporter] :String) [], RemoteException
    + FullyQualifiedErrorId : NativeCommandError
 
(!) C:/Users/watss/Documents/School/KEEPSAKE/development/client/src/components/ui/ConfirmationDialog.jsx is dynamically imported by 
C:/Users/watss/Documents/School/KEEPSAKE/development/client/src/pages/systemAdmin/UsersRegistry.jsx but also statically imported by 
C:/Users/watss/Documents/School/KEEPSAKE/development/client/src/components/System Administrator/sysAdmin_facilities/EditFacility.jsx, 
C:/Users/watss/Documents/School/KEEPSAKE/development/client/src/components/System Administrator/sysAdmin_facilities/FacilityTable.jsx, 
C:/Users/watss/Documents/School/KEEPSAKE/development/client/src/components/System Administrator/sysAdmin_facilities/FacilityUsersTable.jsx, 
C:/Users/watss/Documents/School/KEEPSAKE/development/client/src/components/doctors/appointments/AllAppointments.jsx, 
C:/Users/watss/Documents/School/KEEPSAKE/development/client/src/components/doctors/patient_records/PatientDocuments.jsx, 
C:/Users/watss/Documents/School/KEEPSAKE/development/client/src/components/doctors/patient_records/PatientImmunization.jsx, 
C:/Users/watss/Documents/School/KEEPSAKE/development/client/src/components/doctors/patient_records/PatientRecordsTable.jsx, 
C:/Users/watss/Documents/School/KEEPSAKE/development/client/src/pages/pediapro/DoctorPatientInfo.jsx, 
C:/Users/watss/Documents/School/KEEPSAKE/development/client/src/pages/systemAdmin/AuditLogsPage.jsx, dynamic import will not move module into another chunk.
[39m
computing gzip size...
[2mdist/[22m[32mindex.html                                                [39m[1m[2m    0.61 kB[22m[1m[22m[2m Γöé gzip:     0.37 kB[22m
[2mdist/[22m[32massets/hero2-Bzikb2wg.png                                 [39m[1m[2m   72.57 kB[22m[1m[22m
[2mdist/[22m[32massets/hero1-H208tQdZ.png                                 [39m[1m[2m  154.44 kB[22m[1m[22m
[2mdist/[22m[32massets/logo1-CIPwYX5N.png                                 [39m[1m[2m  236.97 kB[22m[1m[22m
[2mdist/[22m[32massets/KEEPSAKE-BhChd3X6.png                              [39m[1m[2m  404.72 kB[22m[1m[22m
[2mdist/[22m[32massets/22-Bc8TpO-a.jpg                                    [39m[1m[2m  799.31 kB[22m[1m[22m
[2mdist/[22m[32massets/11-DSk322Sm.jpg                                    [39m[1m[2m  926.10 kB[22m[1m[22m
[2mdist/[22m[32massets/33-Cnj4LdaH.jpg                                    [39m[1m[2m1,141.36 kB[22m[1m[22m
[2mdist/[22m[32massets/44-DUfTeiPu.jpg                                    [39m[1m[2m1,553.34 kB[22m[1m[22m
[2mdist/[22m[35massets/phone-number-DpsRipQV.css                          [39m[1m[2m    3.23 kB[22m[1m[22m[2m Γöé gzip:     0.73 kB[22m
[2mdist/[22m[35massets/index-N91551Mt.css                                 [39m[1m[2m  167.99 kB[22m[1m[22m[2m Γöé gzip:    25.57 kB[22m
[2mdist/[22m[36massets/UserDetailModal-BhMn9zRT.js                        [39m[1m[2m    2.33 kB[22m[1m[22m[2m Γöé gzip:     0.90 kB[22m
[2mdist/[22m[36massets/FacilityDetailModal-DUWpKZZH.js                    [39m[1m[2m    2.60 kB[22m[1m[22m[2m Γöé gzip:     0.96 kB[22m
[2mdist/[22m[36massets/InviteParentWithPatientSelectionModal-I5v_YR6X.js  [39m[1m[2m    3.31 kB[22m[1m[22m[2m Γöé gzip:     1.35 kB[22m
[2mdist/[22m[36massets/GenerateInvoiceModal-CY5pMeYL.js                   [39m[1m[2m    3.57 kB[22m[1m[22m[2m Γöé gzip:     1.29 kB[22m
[2mdist/[22m[36massets/stepper-VjmU3WX-.js                                [39m[1m[2m    3.68 kB[22m[1m[22m[2m Γöé gzip:     1.23 kB[22m
[2mdist/[22m[36massets/InvoiceDetailModal-BapssnHf.js                     [39m[1m[2m    4.13 kB[22m[1m[22m[2m Γöé gzip:     1.13 kB[22m
[2mdist/[22m[36massets/SubscriptionAnalytics-Rw7aEMLL.js                  [39m[1m[2m    4.30 kB[22m[1m[22m[2m Γöé gzip:     1.26 kB[22m
[2mdist/[22m[36massets/MarkPaidModal-BQYapFqW.js                          [39m[1m[2m    4.44 kB[22m[1m[22m[2m Γöé gzip:     1.45 kB[22m
[2mdist/[22m[36massets/RescheduleAppointmentModal-B-gNGXs2.js             [39m[1m[2m    5.13 kB[22m[1m[22m[2m Γöé gzip:     1.95 kB[22m
[2mdist/[22m[36massets/ViewAppointmentModal-DGxbQ65s.js                   [39m[1m[2m    5.45 kB[22m[1m[22m[2m Γöé gzip:     1.35 kB[22m
[2mdist/[22m[36massets/PaymentHistory-BuDA9iA3.js                         [39m[1m[2m    5.70 kB[22m[1m[22m[2m Γöé gzip:     2.07 kB[22m
[2mdist/[22m[36massets/EditUserModal-8nftCC3v.js                          [39m[1m[2m    6.05 kB[22m[1m[22m[2m Γöé gzip:     2.05 kB[22m
[2mdist/[22m[36massets/EmailNotifications-BX3xknEU.js                     [39m[1m[2m    6.07 kB[22m[1m[22m[2m Γöé gzip:     1.91 kB[22m
[2mdist/[22m[36massets/UserDetailModal-BCQqJXkz.js                        [39m[1m[2m    6.19 kB[22m[1m[22m[2m Γöé gzip:     1.50 kB[22m
[2mdist/[22m[36massets/InvoiceManagement-h2yQhdN4.js                      [39m[1m[2m    6.61 kB[22m[1m[22m[2m Γöé gzip:     2.29 kB[22m
[2mdist/[22m[36massets/EditUserModal-CpNSwypH.js                          [39m[1m[2m    8.25 kB[22m[1m[22m[2m Γöé gzip:     2.81 kB[22m
[2mdist/[22m[36massets/UserAssignFacility-BIV7azCW.js                     [39m[1m[2m    8.39 kB[22m[1m[22m[2m Γöé gzip:     2.82 kB[22m
[2mdist/[22m[36massets/ParentSubscriptionsManagement-DMXV7nWN.js          [39m[1m[2m    8.57 kB[22m[1m[22m[2m Γöé gzip:     2.28 kB[22m
[2mdist/[22m[36massets/AddUserModal-CyWVPeTi.js                           [39m[1m[2m    9.03 kB[22m[1m[22m[2m Γöé gzip:     2.56 kB[22m
[2mdist/[22m[36massets/RegisterFacilityModal-CRWzV413.js                  [39m[1m[2m    9.44 kB[22m[1m[22m[2m Γöé gzip:     2.72 kB[22m
[2mdist/[22m[36massets/EditPatientModal-0yWFneId.js                       [39m[1m[2m    9.55 kB[22m[1m[22m[2m Γöé gzip:     3.61 kB[22m
[2mdist/[22m[36massets/ScheduleAppointmentModal-BxUfbyUd.js               [39m[1m[2m    9.90 kB[22m[1m[22m[2m Γöé gzip:     3.31 kB[22m
[2mdist/[22m[36massets/AddPatientPrescriptionModal-C-vrRlg7.js            [39m[1m[2m   11.98 kB[22m[1m[22m[2m Γöé gzip:     3.88 kB[22m
[2mdist/[22m[36massets/purify.es-C65SP4u9.js                              [39m[1m[2m   22.38 kB[22m[1m[22m[2m Γöé gzip:     8.63 kB[22m
[2mdist/[22m[36massets/RegisterUserModal-CGCDHSh4.js                      [39m[1m[2m   24.57 kB[22m[1m[22m[2m Γöé gzip:     6.25 kB[22m
[2mdist/[22m[36massets/PatientPrescriptionDetailModal-BwmmLgeP.js         [39m[1m[2m   34.41 kB[22m[1m[22m[2m Γöé gzip:     9.15 kB[22m
[2mdist/[22m[36massets/index.es-D1iohmR0.js                               [39m[1m[2m  158.59 kB[22m[1m[22m[2m Γöé gzip:    52.93 kB[22m
[2mdist/[22m[36massets/phone-number-DY9YWGus.js                           [39m[1m[2m  437.75 kB[22m[1m[22m[2m Γöé gzip:   102.88 kB[22m
[2mdist/[22m[36massets/patient-records-DS4z24XL.js                        [39m[1m[2m  489.21 kB[22m[1m[22m[2m Γöé gzip:   147.22 kB[22m
[2mdist/[22m[36massets/index-DP5dcyxx.js                                  [39m[1m[33m4,435.51 kB[39m[22m[2m Γöé gzip: 1,237.06 kB[22m
[33m
(!) Some chunks are larger than 500 kB after minification. Consider:
- Using dynamic import() to code-split the application
- Use build.rollupOptions.output.manualChunks to improve chunking: https://rollupjs.org/configuration-options/#output-manualchunks
- Adjust chunk size limit for this warning via build.chunkSizeWarningLimit.[39m
[32mΓ£ô built in 31.73s[39m
